     1                                  section .text
     2                                  	global _start2
     3                                  _start2:
     4 00000000 B801000000              	mov rax, 1		; write(
     5 00000005 BF01000000              	mov rdi, 1		;	stdout
     6 0000000A 48BE-                   	mov rsi, msg 	;	msg
     6 0000000C [0000000000000000] 
     7                                  	msg_len equ 12
     8 00000014 BA0C000000              	mov rdx, msg_len;	12
     9 00000019 0F05                    	syscall			;)
    10                                  
    11 0000001B B83C000000              	mov rax, 60		; exit(
    12 00000020 BF00000000              	mov rdi, 0		; 0
    13 00000025 0F05                    	syscall			;)
    14                                  
    15                                  section .data
    16 00000000 68656C6C6F20776F72-     	msg db "hello world", 10	; 10 是换行
    16 00000009 6C640A             
    17                                  
    18                                  
    19                                  section .bss
